// Jest Snapshot v1, https://goo.gl/fbAQLP

exports[`GridGifItem tests should show <GridGifItem /> correctly 1`] = `
<div
  className="card animate__animated animate__fadeIn"
>
  <img
    alt="Title"
    src="https://localhost/"
  />
  <p>
    Title
  </p>
</div>
`;
